Configuration on demand is an incubating feature.
> Task :basic-feature:preBuild UP-TO-DATE
> Task :core:preBuild UP-TO-DATE
> Task :baseline-profiles:test UP-TO-DATE
> Task :settings-feature:preBuild UP-TO-DATE
> Task :app:preBuild UP-TO-DATE
> Task :basic-feature:preDebugBuild UP-TO-DATE
> Task :core:preDebugBuild UP-TO-DATE
> Task :portfolio-feature:preBuild UP-TO-DATE
> Task :app:preDebugBuild UP-TO-DATE
> Task :portfolio-feature:preDebugBuild UP-TO-DATE
> Task :app:checkKotlinGradlePluginConfigurationErrors SKIPPED
> Task :portfolio-feature:writeDebugAarMetadata UP-TO-DATE
> Task :settings-feature:preDebugBuild UP-TO-DATE
> Task :basic-feature:writeDebugAarMetadata UP-TO-DATE
> Task :core:writeDebugAarMetadata UP-TO-DATE
> Task :portfolio-feature:generateDebugResValues UP-TO-DATE
> Task :app:generateDebugBuildConfig UP-TO-DATE
> Task :settings-feature:writeDebugAarMetadata UP-TO-DATE
> Task :basic-feature:generateDebugResValues UP-TO-DATE
> Task :portfolio-feature:generateDebugResources UP-TO-DATE
> Task :core:generateDebugResValues UP-TO-DATE
> Task :settings-feature:generateDebugResValues UP-TO-DATE
> Task :basic-feature:generateDebugResources UP-TO-DATE
> Task :core:generateDebugResources UP-TO-DATE
> Task :settings-feature:generateDebugResources UP-TO-DATE
> Task :basic-feature:packageDebugResources UP-TO-DATE
> Task :portfolio-feature:packageDebugResources UP-TO-DATE
> Task :core:packageDebugResources UP-TO-DATE
> Task :settings-feature:packageDebugResources UP-TO-DATE
> Task :basic-feature:extractDeepLinksDebug UP-TO-DATE
> Task :portfolio-feature:extractDeepLinksDebug UP-TO-DATE
> Task :settings-feature:extractDeepLinksDebug UP-TO-DATE
> Task :basic-feature:processDebugManifest UP-TO-DATE
> Task :settings-feature:processDebugManifest UP-TO-DATE
> Task :basic-feature:compileDebugLibraryResources UP-TO-DATE
> Task :settings-feature:compileDebugLibraryResources UP-TO-DATE
> Task :portfolio-feature:processDebugManifest UP-TO-DATE
> Task :core:extractDeepLinksDebug UP-TO-DATE
> Task :core:processDebugManifest UP-TO-DATE
> Task :portfolio-feature:compileDebugLibraryResources UP-TO-DATE
> Task :core:compileDebugLibraryResources UP-TO-DATE
> Task :settings-feature:parseDebugLocalResources UP-TO-DATE
> Task :settings-feature:generateDebugRFile UP-TO-DATE
> Task :settings-feature:checkKotlinGradlePluginConfigurationErrors SKIPPED
> Task :core:parseDebugLocalResources UP-TO-DATE
> Task :basic-feature:parseDebugLocalResources UP-TO-DATE
> Task :core:generateDebugRFile UP-TO-DATE
> Task :core:checkKotlinGradlePluginConfigurationErrors SKIPPED
> Task :basic-feature:generateDebugRFile UP-TO-DATE
> Task :basic-feature:checkKotlinGradlePluginConfigurationErrors SKIPPED
> Task :portfolio-feature:parseDebugLocalResources UP-TO-DATE
> Task :portfolio-feature:generateDebugRFile UP-TO-DATE
> Task :portfolio-feature:checkKotlinGradlePluginConfigurationErrors SKIPPED
> Task :portfolio-feature:javaPreCompileDebug UP-TO-DATE
> Task :settings-feature:javaPreCompileDebug UP-TO-DATE
> Task :basic-feature:javaPreCompileDebug UP-TO-DATE
> Task :basic-feature:preReleaseBuild UP-TO-DATE
> Task :portfolio-feature:preReleaseBuild UP-TO-DATE
> Task :settings-feature:preReleaseBuild UP-TO-DATE
> Task :portfolio-feature:writeReleaseAarMetadata UP-TO-DATE
> Task :settings-feature:writeReleaseAarMetadata UP-TO-DATE
> Task :basic-feature:writeReleaseAarMetadata UP-TO-DATE
> Task :portfolio-feature:generateReleaseResValues UP-TO-DATE
> Task :settings-feature:generateReleaseResValues UP-TO-DATE
> Task :basic-feature:generateReleaseResValues UP-TO-DATE
> Task :settings-feature:generateReleaseResources UP-TO-DATE
> Task :portfolio-feature:generateReleaseResources UP-TO-DATE
> Task :basic-feature:generateReleaseResources UP-TO-DATE
> Task :basic-feature:packageReleaseResources UP-TO-DATE
> Task :settings-feature:packageReleaseResources UP-TO-DATE
> Task :portfolio-feature:packageReleaseResources UP-TO-DATE
> Task :settings-feature:extractDeepLinksRelease UP-TO-DATE
> Task :portfolio-feature:extractDeepLinksRelease UP-TO-DATE
> Task :basic-feature:extractDeepLinksRelease UP-TO-DATE
> Task :portfolio-feature:processReleaseManifest UP-TO-DATE
> Task :settings-feature:processReleaseManifest UP-TO-DATE
> Task :basic-feature:processReleaseManifest UP-TO-DATE
> Task :settings-feature:parseReleaseLocalResources UP-TO-DATE
> Task :portfolio-feature:parseReleaseLocalResources UP-TO-DATE
> Task :basic-feature:parseReleaseLocalResources UP-TO-DATE
> Task :portfolio-feature:generateReleaseRFile UP-TO-DATE
> Task :basic-feature:generateReleaseRFile UP-TO-DATE
> Task :settings-feature:generateReleaseRFile UP-TO-DATE
> Task :portfolio-feature:javaPreCompileRelease UP-TO-DATE
> Task :portfolio-feature:preDebugUnitTestBuild UP-TO-DATE
> Task :settings-feature:javaPreCompileRelease UP-TO-DATE
> Task :settings-feature:preDebugUnitTestBuild UP-TO-DATE
> Task :basic-feature:javaPreCompileRelease UP-TO-DATE
> Task :basic-feature:preDebugUnitTestBuild UP-TO-DATE
> Task :settings-feature:generateDebugUnitTestStubRFile UP-TO-DATE
> Task :basic-feature:generateDebugUnitTestStubRFile UP-TO-DATE
> Task :portfolio-feature:generateDebugUnitTestStubRFile UP-TO-DATE
> Task :app:checkDebugAarMetadata UP-TO-DATE
> Task :app:generateDebugResValues UP-TO-DATE
> Task :basic-feature:javaPreCompileDebugUnitTest UP-TO-DATE
> Task :portfolio-feature:javaPreCompileDebugUnitTest UP-TO-DATE
> Task :settings-feature:javaPreCompileDebugUnitTest UP-TO-DATE
> Task :basic-feature:preReleaseUnitTestBuild UP-TO-DATE
> Task :portfolio-feature:preReleaseUnitTestBuild UP-TO-DATE
> Task :settings-feature:preReleaseUnitTestBuild UP-TO-DATE
> Task :settings-feature:javaPreCompileReleaseUnitTest UP-TO-DATE
> Task :basic-feature:javaPreCompileReleaseUnitTest UP-TO-DATE
> Task :portfolio-feature:javaPreCompileReleaseUnitTest UP-TO-DATE
> Task :app:mapDebugSourceSetPaths UP-TO-DATE
> Task :app:generateDebugResources UP-TO-DATE
> Task :app:mergeDebugResources UP-TO-DATE
> Task :app:packageDebugResources UP-TO-DATE
> Task :app:parseDebugLocalResources UP-TO-DATE
> Task :app:createDebugCompatibleScreenManifests UP-TO-DATE
> Task :app:extractDeepLinksDebug UP-TO-DATE
> Task :app:processDebugMainManifest UP-TO-DATE
> Task :app:processDebugManifest UP-TO-DATE
> Task :app:processDebugManifestForPackage UP-TO-DATE
> Task :app:processDebugResources UP-TO-DATE
> Task :core:kspDebugKotlin UP-TO-DATE
> Task :app:javaPreCompileDebug UP-TO-DATE
> Task :app:preDebugUnitTestBuild UP-TO-DATE
> Task :app:javaPreCompileDebugUnitTest UP-TO-DATE
> Task :app:preReleaseBuild UP-TO-DATE
> Task :app:buildKotlinToolingMetadata UP-TO-DATE
> Task :app:generateReleaseBuildConfig UP-TO-DATE
> Task :app:generateReleaseResValues UP-TO-DATE
> Task :app:generateReleaseResources UP-TO-DATE
> Task :app:packageReleaseResources UP-TO-DATE
> Task :app:parseReleaseLocalResources UP-TO-DATE
> Task :app:createReleaseCompatibleScreenManifests UP-TO-DATE
> Task :core:compileDebugKotlin UP-TO-DATE
> Task :app:extractDeepLinksRelease UP-TO-DATE
> Task :core:javaPreCompileDebug UP-TO-DATE
> Task :app:javaPreCompileRelease UP-TO-DATE
> Task :app:preReleaseUnitTestBuild UP-TO-DATE
> Task :app:javaPreCompileReleaseUnitTest UP-TO-DATE
> Task :core:compileDebugJavaWithJavac UP-TO-DATE
> Task :core:transformDebugClassesWithAsm UP-TO-DATE
> Task :core:bundleLibCompileToJarDebug UP-TO-DATE
> Task :core:bundleLibRuntimeToJarDebug UP-TO-DATE
> Task :core:processDebugJavaRes UP-TO-DATE
> Task :core:preReleaseBuild UP-TO-DATE
> Task :core:writeReleaseAarMetadata UP-TO-DATE
> Task :core:generateReleaseResValues UP-TO-DATE
> Task :core:generateReleaseResources UP-TO-DATE
> Task :core:packageReleaseResources UP-TO-DATE
> Task :core:extractDeepLinksRelease UP-TO-DATE
> Task :core:processReleaseManifest UP-TO-DATE
> Task :core:parseReleaseLocalResources UP-TO-DATE
> Task :core:generateReleaseRFile UP-TO-DATE
> Task :app:checkReleaseAarMetadata UP-TO-DATE
> Task :basic-feature:generateReleaseUnitTestStubRFile UP-TO-DATE
> Task :app:mapReleaseSourceSetPaths UP-TO-DATE
> Task :app:mergeReleaseResources UP-TO-DATE
> Task :app:processReleaseMainManifest UP-TO-DATE
> Task :app:processReleaseManifest UP-TO-DATE
> Task :app:processReleaseManifestForPackage UP-TO-DATE
> Task :settings-feature:kspDebugKotlin UP-TO-DATE
> Task :portfolio-feature:kspDebugKotlin UP-TO-DATE
> Task :app:processReleaseResources UP-TO-DATE
> Task :core:kspReleaseKotlin UP-TO-DATE
> Task :settings-feature:compileDebugKotlin UP-TO-DATE
> Task :portfolio-feature:compileDebugKotlin UP-TO-DATE
> Task :core:compileReleaseKotlin UP-TO-DATE
> Task :core:javaPreCompileRelease UP-TO-DATE
> Task :portfolio-feature:compileDebugJavaWithJavac UP-TO-DATE
> Task :settings-feature:compileDebugJavaWithJavac UP-TO-DATE
> Task :settings-feature:bundleLibCompileToJarDebug UP-TO-DATE
> Task :portfolio-feature:bundleLibCompileToJarDebug UP-TO-DATE
> Task :portfolio-feature:bundleLibRuntimeToJarDebug UP-TO-DATE
> Task :settings-feature:bundleLibRuntimeToJarDebug UP-TO-DATE
> Task :settings-feature:processDebugJavaRes UP-TO-DATE
> Task :portfolio-feature:processDebugJavaRes UP-TO-DATE
> Task :core:compileReleaseJavaWithJavac UP-TO-DATE
> Task :core:transformReleaseClassesWithAsm UP-TO-DATE
> Task :core:bundleLibCompileToJarRelease UP-TO-DATE
> Task :core:bundleLibRuntimeToJarRelease UP-TO-DATE
> Task :core:processReleaseJavaRes UP-TO-DATE
> Task :core:preDebugUnitTestBuild UP-TO-DATE
> Task :core:generateDebugUnitTestStubRFile UP-TO-DATE
> Task :settings-feature:kspDebugUnitTestKotlin UP-TO-DATE
> Task :core:kspDebugUnitTestKotlin UP-TO-DATE
> Task :portfolio-feature:kspDebugUnitTestKotlin UP-TO-DATE
> Task :basic-feature:kspDebugKotlin UP-TO-DATE
> Task :core:compileDebugUnitTestKotlin UP-TO-DATE
> Task :core:javaPreCompileDebugUnitTest UP-TO-DATE
> Task :core:compileDebugUnitTestJavaWithJavac NO-SOURCE
> Task :basic-feature:compileDebugKotlin UP-TO-DATE
> Task :basic-feature:compileDebugJavaWithJavac UP-TO-DATE
> Task :basic-feature:transformDebugClassesWithAsm UP-TO-DATE
> Task :basic-feature:bundleLibCompileToJarDebug UP-TO-DATE
> Task :basic-feature:bundleLibRuntimeToJarDebug UP-TO-DATE
> Task :core:hiltAggregateDepsDebugUnitTest UP-TO-DATE
> Task :basic-feature:processDebugJavaRes UP-TO-DATE
> Task :core:hiltJavaCompileDebugUnitTest NO-SOURCE
> Task :settings-feature:kspReleaseKotlin UP-TO-DATE
> Task :core:processDebugUnitTestJavaRes UP-TO-DATE
> Task :portfolio-feature:kspReleaseKotlin UP-TO-DATE
> Task :core:transformDebugUnitTestClassesWithAsm UP-TO-DATE
> Task :settings-feature:compileReleaseKotlin UP-TO-DATE
> Task :core:testDebugUnitTest UP-TO-DATE
> Task :core:preReleaseUnitTestBuild UP-TO-DATE
> Task :portfolio-feature:compileReleaseKotlin UP-TO-DATE
> Task :settings-feature:compileReleaseJavaWithJavac UP-TO-DATE
> Task :settings-feature:bundleLibCompileToJarRelease UP-TO-DATE
> Task :settings-feature:bundleLibRuntimeToJarRelease UP-TO-DATE
> Task :portfolio-feature:compileReleaseJavaWithJavac UP-TO-DATE
> Task :portfolio-feature:bundleLibCompileToJarRelease UP-TO-DATE
> Task :settings-feature:processReleaseJavaRes UP-TO-DATE
> Task :portfolio-feature:bundleLibRuntimeToJarRelease UP-TO-DATE
> Task :portfolio-feature:processReleaseJavaRes UP-TO-DATE
> Task :core:generateReleaseUnitTestStubRFile UP-TO-DATE
> Task :app:kspDebugKotlin UP-TO-DATE
> Task :app:compileDebugKotlin UP-TO-DATE
> Task :settings-feature:compileDebugUnitTestKotlin UP-TO-DATE
> Task :portfolio-feature:compileDebugUnitTestKotlin UP-TO-DATE
> Task :portfolio-feature:compileDebugUnitTestJavaWithJavac NO-SOURCE
> Task :settings-feature:compileDebugUnitTestJavaWithJavac NO-SOURCE
> Task :portfolio-feature:processDebugUnitTestJavaRes UP-TO-DATE
> Task :settings-feature:processDebugUnitTestJavaRes UP-TO-DATE
> Task :app:compileDebugJavaWithJavac UP-TO-DATE
> Task :basic-feature:kspDebugUnitTestKotlin UP-TO-DATE
> Task :settings-feature:testDebugUnitTest UP-TO-DATE
> Task :portfolio-feature:testDebugUnitTest UP-TO-DATE
> Task :core:kspReleaseUnitTestKotlin UP-TO-DATE
> Task :app:hiltAggregateDepsDebug UP-TO-DATE
> Task :settings-feature:generateReleaseUnitTestStubRFile UP-TO-DATE
> Task :portfolio-feature:generateReleaseUnitTestStubRFile UP-TO-DATE
> Task :core:compileReleaseUnitTestKotlin UP-TO-DATE
> Task :core:javaPreCompileReleaseUnitTest UP-TO-DATE
> Task :core:compileReleaseUnitTestJavaWithJavac NO-SOURCE
> Task :app:hiltJavaCompileDebug UP-TO-DATE
> Task :core:hiltAggregateDepsReleaseUnitTest UP-TO-DATE
> Task :app:transformDebugClassesWithAsm UP-TO-DATE
> Task :core:hiltJavaCompileReleaseUnitTest NO-SOURCE
> Task :core:processReleaseUnitTestJavaRes UP-TO-DATE
> Task :app:bundleDebugClassesToRuntimeJar UP-TO-DATE
> Task :app:processDebugJavaRes UP-TO-DATE
> Task :app:bundleDebugClassesToCompileJar UP-TO-DATE
> Task :core:transformReleaseUnitTestClassesWithAsm UP-TO-DATE
> Task :app:kspDebugUnitTestKotlin NO-SOURCE
> Task :app:compileDebugUnitTestKotlin NO-SOURCE
> Task :app:compileDebugUnitTestJavaWithJavac NO-SOURCE
> Task :basic-feature:kspReleaseKotlin UP-TO-DATE
> Task :core:testReleaseUnitTest UP-TO-DATE
> Task :core:test UP-TO-DATE
> Task :settings-feature:kspReleaseUnitTestKotlin UP-TO-DATE
> Task :portfolio-feature:kspReleaseUnitTestKotlin UP-TO-DATE
> Task :basic-feature:compileReleaseKotlin UP-TO-DATE
> Task :basic-feature:compileReleaseJavaWithJavac UP-TO-DATE
> Task :app:hiltAggregateDepsDebugUnitTest UP-TO-DATE
> Task :app:hiltJavaCompileDebugUnitTest NO-SOURCE
> Task :settings-feature:compileReleaseUnitTestKotlin UP-TO-DATE
> Task :app:processDebugUnitTestJavaRes NO-SOURCE
> Task :settings-feature:compileReleaseUnitTestJavaWithJavac NO-SOURCE
> Task :settings-feature:processReleaseUnitTestJavaRes UP-TO-DATE
> Task :basic-feature:transformReleaseClassesWithAsm UP-TO-DATE
> Task :basic-feature:bundleLibCompileToJarRelease UP-TO-DATE
> Task :app:transformDebugUnitTestClassesWithAsm UP-TO-DATE
> Task :basic-feature:bundleLibRuntimeToJarRelease UP-TO-DATE
> Task :app:testDebugUnitTest NO-SOURCE
> Task :basic-feature:processReleaseJavaRes UP-TO-DATE
> Task :settings-feature:testReleaseUnitTest UP-TO-DATE
> Task :portfolio-feature:compileReleaseUnitTestKotlin UP-TO-DATE
> Task :settings-feature:test UP-TO-DATE
> Task :portfolio-feature:compileReleaseUnitTestJavaWithJavac NO-SOURCE
> Task :portfolio-feature:processReleaseUnitTestJavaRes UP-TO-DATE
> Task :portfolio-feature:testReleaseUnitTest UP-TO-DATE
> Task :portfolio-feature:test UP-TO-DATE
> Task :basic-feature:compileDebugUnitTestKotlin UP-TO-DATE
> Task :basic-feature:compileDebugUnitTestJavaWithJavac NO-SOURCE
> Task :app:kspReleaseKotlin UP-TO-DATE
> Task :app:compileReleaseKotlin UP-TO-DATE
> Task :basic-feature:hiltAggregateDepsDebugUnitTest UP-TO-DATE
> Task :app:compileReleaseJavaWithJavac UP-TO-DATE
> Task :basic-feature:hiltJavaCompileDebugUnitTest NO-SOURCE
> Task :basic-feature:processDebugUnitTestJavaRes UP-TO-DATE
> Task :basic-feature:transformDebugUnitTestClassesWithAsm UP-TO-DATE
> Task :app:hiltAggregateDepsRelease UP-TO-DATE
> Task :app:hiltJavaCompileRelease UP-TO-DATE
> Task :app:transformReleaseClassesWithAsm UP-TO-DATE
> Task :app:bundleReleaseClassesToRuntimeJar UP-TO-DATE
> Task :app:processReleaseJavaRes UP-TO-DATE
> Task :app:bundleReleaseClassesToCompileJar UP-TO-DATE
> Task :app:kspReleaseUnitTestKotlin NO-SOURCE
> Task :app:compileReleaseUnitTestKotlin NO-SOURCE
> Task :app:compileReleaseUnitTestJavaWithJavac NO-SOURCE
> Task :app:hiltAggregateDepsReleaseUnitTest UP-TO-DATE
> Task :app:hiltJavaCompileReleaseUnitTest NO-SOURCE
> Task :app:processReleaseUnitTestJavaRes NO-SOURCE
> Task :app:transformReleaseUnitTestClassesWithAsm UP-TO-DATE
> Task :app:testReleaseUnitTest NO-SOURCE
> Task :app:test UP-TO-DATE
.\gradlew : Java 
HotSpot(TM) 64-Bit 
Server VM warning: 
Sharing is only 
supported for boot 
loader classes 
because bootstrap 
classpath has been 
appended
At line:1 char:1
+ .\gradlew test 
2>&1 | Tee-Object 
-FilePath 
"test_log.txt"
+ ~~~~~~~~~~~~~~~~~~~
    + CategoryInfo   
           : NotSpe  
  cified: (Java Ho   
 tSpot(TM...s bee    
n appended:Strin    
g) [], RemoteExc    
eption
    + FullyQualified 
   ErrorId : Native  
  CommandError
 
> Task :basic-feature:testDebugUnitTest
> Task :basic-feature:kspReleaseUnitTestKotlin UP-TO-DATE
> Task :basic-feature:compileReleaseUnitTestKotlin UP-TO-DATE
> Task :basic-feature:compileReleaseUnitTestJavaWithJavac NO-SOURCE
> Task :basic-feature:hiltAggregateDepsReleaseUnitTest UP-TO-DATE
> Task :basic-feature:hiltJavaCompileReleaseUnitTest NO-SOURCE
> Task :basic-feature:processReleaseUnitTestJavaRes UP-TO-DATE
> Task :basic-feature:transformReleaseUnitTestClassesWithAsm UP-TO-DATE
> Task :basic-feature:testReleaseUnitTest UP-TO-DATE
> Task :basic-feature:test

BUILD SUCCESSFUL in 5s
239 actionable tasks: 1 executed, 238 up-to-date
